\BOOKMARK [1][-]{section.1}{\376\377\000O\000p\000i\000s\000\040\000p\000r\000o\000b\000l\000e\000m\000u}{}% 1
\BOOKMARK [1][-]{section.2}{\376\377\001\132\000r\000o\000d\000o\000w\000i\000s\000k\000o}{}% 2
\BOOKMARK [2][-]{subsection.2.1}{\376\377\000S\000y\000m\000u\000l\000a\000c\000j\000a}{section.2}% 3
\BOOKMARK [2][-]{subsection.2.2}{\376\377\000C\000y\000k\000l\000\040\000e\000p\000i\000z\000o\000d\000u}{section.2}% 4
\BOOKMARK [1][-]{section.3}{\376\377\000P\000r\000z\000e\000s\000t\000r\000z\000e\001\104\000\040\000o\000b\000s\000e\000r\000w\000a\000c\000j\000i}{}% 5
\BOOKMARK [2][-]{subsection.3.1}{\376\377\000M\000a\000p\000a\000\040\000t\000o\000r\000u}{section.3}% 6
\BOOKMARK [2][-]{subsection.3.2}{\376\377\000W\000y\000c\000i\000n\000e\000k\000\040\000e\000g\000o\000c\000e\000n\000t\000r\000y\000c\000z\000n\000y}{section.3}% 7
\BOOKMARK [2][-]{subsection.3.3}{\376\377\000S\000t\000o\000s\000\040\000k\000l\000a\000t\000e\000k}{section.3}% 8
\BOOKMARK [1][-]{section.4}{\376\377\000P\000r\000z\000e\000s\000t\000r\000z\000e\001\104\000\040\000a\000k\000c\000j\000i}{}% 9
\BOOKMARK [1][-]{section.5}{\376\377\000F\000u\000n\000k\000c\000j\000a\000\040\000n\000a\000g\000r\000o\000d\000y}{}% 10
\BOOKMARK [1][-]{section.6}{\376\377\000A\000r\000c\000h\000i\000t\000e\000k\000t\000u\000r\000a\000\040\000s\000i\000e\000c\000i}{}% 11
\BOOKMARK [2][-]{subsection.6.1}{\376\377\000B\000a\000c\000k\000b\000o\000n\000e}{section.6}% 12
\BOOKMARK [2][-]{subsection.6.2}{\376\377\000G\001\102\000o\000w\000i\000c\000a\000\040\000a\000k\000t\000o\000r\000a}{section.6}% 13
\BOOKMARK [2][-]{subsection.6.3}{\376\377\000G\001\102\000o\000w\000i\000c\000a\000\040\000k\000r\000y\000t\000y\000k\000a}{section.6}% 14
\BOOKMARK [1][-]{section.7}{\376\377\000A\000l\000g\000o\000r\000y\000t\000m\000\040\000u\000c\000z\000e\000n\000i\000a\000:\000\040\000P\000P\000O}{}% 15
\BOOKMARK [2][-]{subsection.7.1}{\376\377\000Z\000b\000i\000e\000r\000a\000n\000i\000e\000\040\000d\000a\000n\000y\000c\000h\000\040\000\050\000r\000o\000l\000l\000o\000u\000t\000\051}{section.7}% 16
\BOOKMARK [2][-]{subsection.7.2}{\376\377\000U\000o\000g\000\363\000l\000n\000i\000o\000n\000a\000\040\000e\000s\000t\000y\000m\000a\000c\000j\000a\000\040\000p\000r\000z\000e\000w\000a\000g\000i\000\040\000\050\000G\000A\000E\000\051}{section.7}% 17
\BOOKMARK [2][-]{subsection.7.3}{\376\377\000A\000k\000t\000u\000a\000l\000i\000z\000a\000c\000j\000a\000\040\000P\000P\000O}{section.7}% 18
\BOOKMARK [2][-]{subsection.7.4}{\376\377\000O\000p\000t\000y\000m\000a\000l\000i\000z\000a\000c\000j\000a}{section.7}% 19
\BOOKMARK [2][-]{subsection.7.5}{\376\377\000Z\000e\000s\000t\000a\000w\000i\000e\000n\000i\000e\000\040\000h\000i\000p\000e\000r\000p\000a\000r\000a\000m\000e\000t\000r\000\363\000w}{section.7}% 20
